// Jest Snapshot v1, https://jestjs.io/docs/snapshot-testing

exports[`JobCard Component matches snapshot 1`] = `
<DocumentFragment>
  <div
    class="bg-white rounded-lg border border-gray-200 p-6 transition-all relative hover:shadow-md cursor-pointer hover:border-blue-200"
    data-testid="job-card"
  >
    <button
      aria-label="Add to bookmarks"
      class="absolute top-4 right-4 p-2 rounded-full transition-all bg-gray-100 text-gray-400 hover:bg-gray-200 hover:text-gray-600 "
      data-testid="bookmark-btn"
    >
      <svg
        class="lucide lucide-bookmark w-5 h-5"
        data-testid="bookmark-icon"
        fill="none"
        height="24"
        stroke="currentColor"
        stroke-linecap="round"
        stroke-linejoin="round"
        stroke-width="2"
        viewBox="0 0 24 24"
        width="24"
        xmlns="http://www.w3.org/2000/svg"
      >
        <path
          d="m19 21-7-4-7 4V5a2 2 0 0 1 2-2h10a2 2 0 0 1 2 2v16z"
        />
      </svg>
    </button>
    <div
      class="flex gap-4 pr-12"
    >
      <div
        class="flex-shrink-0"
      >
        <img
          alt="Tech Corp"
          class="w-12 h-12 rounded-full object-cover border border-gray-200"
          data-testid="company-logo"
          src="/placeholder.svg?height=48&width=48&text=Logo"
        />
      </div>
      <div
        class="flex-1"
      >
        <div
          class="flex justify-between items-start mb-2"
        >
          <h3
            class="text-xl font-semibold text-gray-900 hover:text-blue-600 transition-colors"
            data-testid="job-title"
          >
            Software Engineer
          </h3>
        </div>
        <div
          class="flex items-center gap-4 text-sm text-gray-600 mb-3"
        >
          <span
            class="font-medium"
            data-testid="company-name"
          >
            Tech Corp
          </span>
          <div
            class="flex items-center gap-1"
          >
            <svg
              class="lucide lucide-map-pin w-4 h-4"
              fill="none"
              height="24"
              stroke="currentColor"
              stroke-linecap="round"
              stroke-linejoin="round"
              stroke-width="2"
              viewBox="0 0 24 24"
              width="24"
              xmlns="http://www.w3.org/2000/svg"
            >
              <path
                d="M20 10c0 4.993-5.539 10.193-7.399 11.799a1 1 0 0 1-1.202 0C9.539 20.193 4 14.993 4 10a8 8 0 0 1 16 0"
              />
              <circle
                cx="12"
                cy="10"
                r="3"
              />
            </svg>
            <span
              data-testid="job-location"
            >
              Remote
            </span>
          </div>
        </div>
        <p
          class="text-gray-700 mb-4 line-clamp-3"
          data-testid="job-description"
        >
          An exciting role
        </p>
        <div
          class="flex gap-2 mb-4 flex-wrap"
          data-testid="job-categories"
        >
          <span
            class="px-3 py-1 rounded-full text-xs font-medium bg-blue-100 text-blue-800 border border-blue-200"
          >
            Engineering
          </span>
          <span
            class="px-3 py-1 rounded-full text-xs font-medium bg-green-100 text-green-800 border border-green-200"
          >
            Full-time
          </span>
        </div>
        <div
          class="flex items-center justify-between text-sm text-gray-500"
        >
          <div
            class="flex items-center gap-4"
          >
            <div
              class="flex items-center gap-1"
            >
              <svg
                class="lucide lucide-calendar w-4 h-4"
                fill="none"
                height="24"
                stroke="currentColor"
                stroke-linecap="round"
                stroke-linejoin="round"
                stroke-width="2"
                viewBox="0 0 24 24"
                width="24"
                xmlns="http://www.w3.org/2000/svg"
              >
                <path
                  d="M8 2v4"
                />
                <path
                  d="M16 2v4"
                />
                <rect
                  height="18"
                  rx="2"
                  width="18"
                  x="3"
                  y="4"
                />
                <path
                  d="M3 10h18"
                />
              </svg>
              <span>
                Posted 8/12/2025
              </span>
            </div>
            <div
              class="flex items-center gap-1"
            >
              <svg
                class="lucide lucide-clock w-4 h-4"
                fill="none"
                height="24"
                stroke="currentColor"
                stroke-linecap="round"
                stroke-linejoin="round"
                stroke-width="2"
                viewBox="0 0 24 24"
                width="24"
                xmlns="http://www.w3.org/2000/svg"
              >
                <circle
                  cx="12"
                  cy="12"
                  r="10"
                />
                <polyline
                  points="12 6 12 12 16 14"
                />
              </svg>
              <span>
                Deadline 9/1/2025
              </span>
            </div>
          </div>
        </div>
      </div>
    </div>
  </div>
</DocumentFragment>
`;
